---
source: tests/common/mod.rs
expression: content
---
{
  "accessNetwork": [
    "Network Access"
  ],
  "accessWebcam": [
    "Device Access"
  ],
  "writeOnDrive": [
    "File Manipulation",
    "Device Access"
  ]
}
