---
source: tests/common/mod.rs
expression: content
---
{
  "accessWebcam": [
    "Device Access"
  ],
  "writeOnDrive": [
    "Device Access"
  ]
}
