---
source: crates/backend/tests/common/mod.rs
expression: root_nodes_json
snapshot_kind: text
---
[
  "main"
]
