---
source: frontend/tests/integration_test.rs
expression: content
snapshot_kind: text
---
{
  "id": 4,
  "text": "root",
  "children": [
    {
      "id": 3,
      "text": "child1",
      "children": [
        {
          "id": 0,
          "text": "child11",
          "children": null
        },
        {
          "id": 2,
          "text": "child12",
          "children": null
        }
      ]
    },
    {
      "id": 5,
      "text": "child2",
      "children": [
        {
          "id": 1,
          "text": "child21",
          "children": null
        }
      ]
    }
  ]
}
