---
source: tests/common/mod.rs
expression: content
---
{}
