---
source: crates/backend/tests/common/mod.rs
expression: root_nodes_json
snapshot_kind: text
---
[
  "aligned_alloc",
  "btowc",
  "calloc",
  "fclose",
  "fgetwc",
  "fopen",
  "fputs",
  "fread",
  "free",
  "fwrite",
  "getc",
  "getwc",
  "main",
  "putc",
  "ungetc",
  "vsprintf",
  "wcsrtombs"
]
