---
source: tests/common/mod.rs
expression: content
---
{
  "writeOnDrive": [
    "File Manipulation",
    "Device Access"
  ]
}
