---
source: tests/common/mod.rs
expression: content
---
{
  "Public APIs flow": [
    {
      "name": "writeOnDrive",
      "syscalls": [
        "_IO_fopen64",
        "_IO_fclose"
      ]
    }
  ]
}
